[     168ms] [INFO] %cDownload the React DevTools for a better development experience: https://react.dev/link/react-devtools font-weight:bold @ http://localhost:5175/node_modules/.vite/deps/react-dom_client.js?v=c4693148:14337
[     237ms] [ERROR] Failed to load resource: the server responded with a status of 404 (Not Found) @ http://localhost:5175/favicon.ico:0
[     238ms] [WARNING] Error while trying to use the following icon from the Manifest: http://localhost:5175/icons/icon-192.png (Download error or resource isn't a valid image) @ http://localhost:5175/:0
[     262ms] Error: <Navigate> may be used only in the context of a <Router> component.
    at invariant (http://localhost:5175/node_modules/.vite/deps/react-router-dom.js?v=bfbd9834:160:79)
    at Navigate (http://localhost:5175/node_modules/.vite/deps/react-router-dom.js?v=bfbd9834:4560:2)
    at Object.react_stack_bottom_frame (http://localhost:5175/node_modules/.vite/deps/react-dom_client.js?v=c4693148:12868:12)
    at renderWithHooks (http://localhost:5175/node_modules/.vite/deps/react-dom_client.js?v=c4693148:4213:19)
    at updateFunctionComponent (http://localhost:5175/node_modules/.vite/deps/react-dom_client.js?v=c4693148:5569:16)
    at beginWork (http://localhost:5175/node_modules/.vite/deps/react-dom_client.js?v=c4693148:6140:20)
    at runWithFiberInDEV (http://localhost:5175/node_modules/.vite/deps/react-dom_client.js?v=c4693148:851:66)
    at performUnitOfWork (http://localhost:5175/node_modules/.vite/deps/react-dom_client.js?v=c4693148:8429:92)
    at workLoopSync (http://localhost:5175/node_modules/.vite/deps/react-dom_client.js?v=c4693148:8325:37)
    at renderRootSync (http://localhost:5175/node_modules/.vite/deps/react-dom_client.js?v=c4693148:8309:6)
[     262ms] [WARNING] %s

%s
 An error occurred in the <Navigate> component. Consider adding an error boundary to your tree to customize error handling behavior.
Visit https://react.dev/link/error-boundaries to learn more about error boundaries. @ http://localhost:5175/@vite/client:509
[  144792ms] Error: useLocation() may be used only in the context of a <Router> component.
    at invariant (http://localhost:5175/node_modules/.vite/deps/react-router-dom.js?v=bfbd9834:160:79)
    at useLocation (http://localhost:5175/node_modules/.vite/deps/react-router-dom.js?v=bfbd9834:3796:2)
    at AuthGuard (http://localhost:5175/src/App.tsx?t=1778458122337:14:19)
    at Object.react_stack_bottom_frame (http://localhost:5175/node_modules/.vite/deps/react-dom_client.js?v=c4693148:12868:12)
    at renderWithHooks (http://localhost:5175/node_modules/.vite/deps/react-dom_client.js?v=c4693148:4213:19)
    at updateFunctionComponent (http://localhost:5175/node_modules/.vite/deps/react-dom_client.js?v=c4693148:5569:16)
    at beginWork (http://localhost:5175/node_modules/.vite/deps/react-dom_client.js?v=c4693148:6140:20)
    at runWithFiberInDEV (http://localhost:5175/node_modules/.vite/deps/react-dom_client.js?v=c4693148:851:66)
    at performUnitOfWork (http://localhost:5175/node_modules/.vite/deps/react-dom_client.js?v=c4693148:8429:92)
    at workLoopSync (http://localhost:5175/node_modules/.vite/deps/react-dom_client.js?v=c4693148:8325:37)
[  144791ms] [WARNING] %s

%s
 An error occurred in the <AuthGuard> component. Consider adding an error boundary to your tree to customize error handling behavior.
Visit https://react.dev/link/error-boundaries to learn more about error boundaries. @ http://localhost:5175/@vite/client:509
[  190695ms] [INFO] %cDownload the React DevTools for a better development experience: https://react.dev/link/react-devtools font-weight:bold @ http://localhost:5175/node_modules/.vite/deps/react-dom_client.js?v=c4693148:14337
[  190726ms] [WARNING] Error while trying to use the following icon from the Manifest: http://localhost:5175/icons/icon-192.png (Download error or resource isn't a valid image) @ http://localhost:5175/:0
[  249890ms] [INFO] %cDownload the React DevTools for a better development experience: https://react.dev/link/react-devtools font-weight:bold @ http://localhost:5175/node_modules/.vite/deps/react-dom_client.js?v=c4693148:14337
[  249906ms] [WARNING] Error while trying to use the following icon from the Manifest: http://localhost:5175/icons/icon-192.png (Download error or resource isn't a valid image) @ http://localhost:5175/login:0
